============================= test session starts ==============================
platform linux -- Python 3.12.3, pytest-8.3.5, pluggy-1.6.0 -- /opt/venv/bin/python
cachedir: .pytest_cache
rootdir: /tmp/pdd_job_ZsO2CuA2KP7qlMtdNJl4_l5ufrcuc/.pdd/worktrees/checkup-issue-28
configfile: pytest.ini
testpaths: tests
plugins: anyio-4.13.0, asyncio-0.26.0, cov-5.0.0, mock-3.15.1
asyncio: mode=Mode.STRICT, asyncio_default_fixture_loop_scope=function, asyncio_default_test_loop_scope=function
collecting ... 